08:57:10 | === run 'sam_rho0.1' | method=sam | device=cuda | seed=6304 ===
08:57:11 | photo: train=1336 val=334
08:57:11 | art_painting: train=1638 val=410
08:57:11 | cartoon: train=1875 val=469
08:57:11 | steps/epoch=234 (batch 8 x 3 domains)
08:57:55 | ep 01 | loss=1.9418 cls_loss=1.9418 perturbed_loss=1.9969 grad_norm=0.5663 | val meanF1=0.0768 worstF1=0.0563 meanAcc=0.2335 | *best* | 44s
08:58:38 | ep 02 | loss=1.9298 cls_loss=1.9298 perturbed_loss=1.9550 grad_norm=0.3835 | val meanF1=0.1521 worstF1=0.1173 meanAcc=0.3046 | *best* | 43s
08:59:21 | ep 03 | loss=1.9081 cls_loss=1.9081 perturbed_loss=1.9540 grad_norm=0.6177 | val meanF1=0.1589 worstF1=0.1450 meanAcc=0.3266 | *best* | 43s
09:00:04 | ep 04 | loss=1.8643 cls_loss=1.8643 perturbed_loss=1.9362 grad_norm=0.9080 | val meanF1=0.0868 worstF1=0.0514 meanAcc=0.2394 | no-improve 1/5 | 43s
09:00:48 | ep 05 | loss=1.5721 cls_loss=1.5721 perturbed_loss=1.7374 grad_norm=1.6621 | val meanF1=0.3931 worstF1=0.3769 meanAcc=0.4812 | *best* | 43s
09:01:32 | ep 06 | loss=1.1837 cls_loss=1.1837 perturbed_loss=1.4575 grad_norm=2.5525 | val meanF1=0.5885 worstF1=0.5155 meanAcc=0.6243 | *best* | 43s
09:02:15 | ep 07 | loss=0.8865 cls_loss=0.8865 perturbed_loss=1.2477 grad_norm=3.1379 | val meanF1=0.7370 worstF1=0.6557 meanAcc=0.7561 | *best* | 43s
09:02:59 | ep 08 | loss=0.5737 cls_loss=0.5737 perturbed_loss=0.9207 grad_norm=3.0634 | val meanF1=0.8247 worstF1=0.7700 meanAcc=0.8352 | *best* | 43s
09:03:42 | ep 09 | loss=0.3684 cls_loss=0.3684 perturbed_loss=0.7046 grad_norm=2.8582 | val meanF1=0.8629 worstF1=0.8115 meanAcc=0.8706 | *best* | 43s
09:04:26 | ep 10 | loss=0.2652 cls_loss=0.2652 perturbed_loss=0.5607 grad_norm=2.4827 | val meanF1=0.8837 worstF1=0.8149 meanAcc=0.8910 | *best* | 43s
09:05:10 | ep 11 | loss=0.1874 cls_loss=0.1874 perturbed_loss=0.4537 grad_norm=2.1595 | val meanF1=0.9090 worstF1=0.8508 meanAcc=0.9136 | *best* | 43s
09:05:53 | ep 12 | loss=0.1434 cls_loss=0.1434 perturbed_loss=0.3856 grad_norm=1.8750 | val meanF1=0.9152 worstF1=0.8663 meanAcc=0.9186 | *best* | 43s
09:06:37 | ep 13 | loss=0.1048 cls_loss=0.1048 perturbed_loss=0.3202 grad_norm=1.5891 | val meanF1=0.9195 worstF1=0.8742 meanAcc=0.9230 | *best* | 43s
09:07:20 | ep 14 | loss=0.0868 cls_loss=0.0868 perturbed_loss=0.2921 grad_norm=1.4360 | val meanF1=0.9248 worstF1=0.8843 meanAcc=0.9265 | *best* | 43s
09:08:04 | ep 15 | loss=0.0645 cls_loss=0.0645 perturbed_loss=0.2434 grad_norm=1.1993 | val meanF1=0.9251 worstF1=0.8758 meanAcc=0.9277 | *best* | 43s
09:08:48 | ep 16 | loss=0.0488 cls_loss=0.0488 perturbed_loss=0.2125 grad_norm=1.0124 | val meanF1=0.9259 worstF1=0.8834 meanAcc=0.9276 | *best* | 43s
09:09:31 | ep 17 | loss=0.0392 cls_loss=0.0392 perturbed_loss=0.1943 grad_norm=0.8731 | val meanF1=0.9385 worstF1=0.9035 meanAcc=0.9398 | *best* | 43s
09:10:15 | ep 18 | loss=0.0329 cls_loss=0.0329 perturbed_loss=0.1840 grad_norm=0.7771 | val meanF1=0.9314 worstF1=0.8938 meanAcc=0.9317 | no-improve 1/5 | 43s
09:10:58 | ep 19 | loss=0.0273 cls_loss=0.0273 perturbed_loss=0.1628 grad_norm=0.6912 | val meanF1=0.9280 worstF1=0.9010 meanAcc=0.9291 | no-improve 2/5 | 43s
09:11:42 | ep 20 | loss=0.0244 cls_loss=0.0244 perturbed_loss=0.1673 grad_norm=0.6747 | val meanF1=0.9191 worstF1=0.8684 meanAcc=0.9234 | no-improve 3/5 | 43s
09:12:25 | ep 21 | loss=0.0193 cls_loss=0.0193 perturbed_loss=0.1401 grad_norm=0.5230 | val meanF1=0.9335 worstF1=0.8878 meanAcc=0.9325 | no-improve 4/5 | 43s
09:13:09 | ep 22 | loss=0.0181 cls_loss=0.0181 perturbed_loss=0.1464 grad_norm=0.5386 | val meanF1=0.9372 worstF1=0.8924 meanAcc=0.9395 | no-improve 5/5 | 43s
09:13:09 | Early stopping at epoch 22 (best epoch 17).
09:13:09 | Verified: BatchNorm running statistics unchanged during training.
09:13:19 | Separability (chance 0.333): 0.8206
09:13:19 | Sharpness: L=0.0968 L_eps=0.1743 delta=0.0775
09:13:19 | Best epoch 17: mean F1=0.9385 worst F1=0.9035 -> /kaggle/working/ATML-PA1/task3/results/sam_rho0.1/best.pt
